July 30, 2026 - 15:15:36
Django version 5.2.16, using settings 'ipc_backend.settings'
Starting development server at http://127.0.0.1:8000/
Quit the server with CTRL-BREAK.

WARNING: This is a development server. Do not use it in a production setting. Use a production WSGI or ASGI server instead.
For more information on production servers see: https://docs.djangoproject.com/en/5.2/howto/deployment/
Content-Type: text/plain; charset="utf-8"
MIME-Version: 1.0
Content-Transfer-Encoding: 7bit
Subject: IPC bursary application received
From: office@instituteofprojectcontrols.org
To: abdodonia45@gmail.com
Date: Thu, 30 Jul 2026 15:09:49 -0000
Message-ID: <178542418968.13740.8702854311208480588@DESKTOP-18RCPDH.home>

Dear Abdallah,

We have received your IPC learner bursary and scholarship application.
Application reference: IPC-BSA-2026-2E9D97BD1CF7
Submitted: 30 July 2026

Submission does not guarantee a bursary or scholarship award.
-------------------------------------------------------------------------------
