[30/Jul/2026 15:22:35] "GET /api/user/notifications HTTP/1.1" 200 5081
[30/Jul/2026 15:22:43] "GET /api/home/content HTTP/1.1" 200 29185
[30/Jul/2026 15:22:43,803] - Broken pipe from ('127.0.0.1', 54244)
[30/Jul/2026 15:23:05] "GET /api/user/notifications HTTP/1.1" 200 5445
[30/Jul/2026 15:23:34] "GET /api/user/notifications HTTP/1.1" 200 5445
[30/Jul/2026 15:24:05] "GET /api/user/notifications HTTP/1.1" 200 5445
[30/Jul/2026 15:24:35] "GET /api/user/notifications HTTP/1.1" 200 5445
[30/Jul/2026 15:25:05] "GET /api/user/notifications HTTP/1.1" 200 5445
[30/Jul/2026 15:25:09] "GET /api/home/content?_content_updated=1785414308037 HTTP/1.1" 200 29185
[30/Jul/2026 15:25:09] "GET /api/home/content?_content_updated=1785414308034 HTTP/1.1" 200 29185
[30/Jul/2026 15:27:12] "GET /api/membership/content?_content_updated=1785414430909 HTTP/1.1" 200 14374
[30/Jul/2026 15:27:12] "GET /api/membership-grades HTTP/1.1" 200 3740
[30/Jul/2026 15:27:17] "GET /api/membership/content?_content_updated=1785414430907 HTTP/1.1" 200 14374
[30/Jul/2026 15:28:38] "GET /api/membership/content?_content_updated=1785414517295 HTTP/1.1" 200 14374
[30/Jul/2026 15:28:39] "GET /api/membership/content?_content_updated=1785414518012 HTTP/1.1" 200 14374
[30/Jul/2026 15:28:39] "GET /api/membership/content?_content_updated=1785414518369 HTTP/1.1" 200 14374
[30/Jul/2026 15:28:42] "GET /api/user/notifications HTTP/1.1" 200 5445
[30/Jul/2026 15:28:44] "GET /api/auth/session HTTP/1.1" 200 374
[30/Jul/2026 15:28:44] "GET /media/profiles/2/9fe3550113bb492095f41256150aaf0c.jpg HTTP/1.1" 200 1129904
[30/Jul/2026 15:28:47] "GET /api/user/notifications HTTP/1.1" 200 5445
[30/Jul/2026 15:28:48] "GET /api/user/dashboard HTTP/1.1" 200 5561
[30/Jul/2026 15:28:48] "GET /api/user/dashboard HTTP/1.1" 200 5561
[30/Jul/2026 15:28:50] "GET /api/user/notifications HTTP/1.1" 200 5445
[30/Jul/2026 15:28:53] "POST /api/user/notifications/77587b88-0cdd-4b32-bd11-acf7aa18d8e6/read HTTP/1.1" 200 392
[30/Jul/2026 15:28:59] "GET /api/user/scholarships/my-applications HTTP/1.1" 200 573
[30/Jul/2026 15:29:21] "GET /api/user/notifications HTTP/1.1" 200 5474
[30/Jul/2026 15:29:25] "GET /api/user/scholarships/my-applications HTTP/1.1" 200 573
[30/Jul/2026 15:29:46] "GET /api/user/notifications HTTP/1.1" 200 5474
[30/Jul/2026 15:29:54] "GET /api/user/scholarships/my-applications HTTP/1.1" 200 573
[30/Jul/2026 15:30:16] "GET /api/user/notifications HTTP/1.1" 200 5474
[30/Jul/2026 15:30:24] "GET /api/user/scholarships/my-applications HTTP/1.1" 200 573
[30/Jul/2026 15:30:46] "GET /api/user/notifications HTTP/1.1" 200 5474
[30/Jul/2026 15:30:54] "GET /api/user/scholarships/my-applications HTTP/1.1" 200 573
[30/Jul/2026 15:31:15] "GET /api/user/notifications HTTP/1.1" 200 5474
[30/Jul/2026 15:31:24] "GET /api/user/scholarships/my-applications HTTP/1.1" 200 573
[30/Jul/2026 15:31:54] "GET /api/user/scholarships/my-applications HTTP/1.1" 200 573
[30/Jul/2026 15:32:24] "GET /api/user/scholarships/my-applications HTTP/1.1" 200 573
[30/Jul/2026 15:33:40] "GET /api/user/scholarships/my-applications HTTP/1.1" 200 573
Unauthorized: /api/user/scholarships/my-applications
[30/Jul/2026 15:34:39] "GET /api/user/scholarships/my-applications HTTP/1.1" 401 58
[30/Jul/2026 15:34:40] "POST /api/auth/refresh HTTP/1.1" 204 0
[30/Jul/2026 15:34:41] "GET /api/user/scholarships/my-applications HTTP/1.1" 200 573
[30/Jul/2026 15:35:41] "GET /api/user/scholarships/my-applications HTTP/1.1" 200 573
[30/Jul/2026 15:36:40] "GET /api/user/scholarships/my-applications HTTP/1.1" 200 573
[30/Jul/2026 15:37:40] "GET /api/user/scholarships/my-applications HTTP/1.1" 200 573
[30/Jul/2026 15:38:40] "GET /api/user/scholarships/my-applications HTTP/1.1" 200 573
[30/Jul/2026 15:39:42] "GET /api/user/scholarships/my-applications HTTP/1.1" 200 573
[30/Jul/2026 15:40:41] "GET /api/user/scholarships/my-applications HTTP/1.1" 200 573
[30/Jul/2026 15:41:40] "GET /api/user/scholarships/my-applications HTTP/1.1" 200 573
[30/Jul/2026 15:42:40] "GET /api/user/scholarships/my-applications HTTP/1.1" 200 573
[30/Jul/2026 15:43:40] "GET /api/user/scholarships/my-applications HTTP/1.1" 200 573
[30/Jul/2026 15:44:40] "GET /api/user/scholarships/my-applications HTTP/1.1" 200 573
[30/Jul/2026 15:45:40] "GET /api/user/scholarships/my-applications HTTP/1.1" 200 573
[30/Jul/2026 15:46:41] "GET /api/user/scholarships/my-applications HTTP/1.1" 200 573
[30/Jul/2026 15:47:40] "GET /api/user/scholarships/my-applications HTTP/1.1" 200 573
[30/Jul/2026 15:48:40] "GET /api/user/scholarships/my-applications HTTP/1.1" 200 573
[30/Jul/2026 15:49:41] "GET /api/user/scholarships/my-applications HTTP/1.1" 200 573
Unauthorized: /api/user/scholarships/my-applications
[30/Jul/2026 15:50:39] "GET /api/user/scholarships/my-applications HTTP/1.1" 401 58
[30/Jul/2026 15:50:42] "POST /api/auth/refresh HTTP/1.1" 204 0
[30/Jul/2026 15:50:43] "GET /api/user/scholarships/my-applications HTTP/1.1" 200 573
[30/Jul/2026 15:51:42] "GET /api/user/scholarships/my-applications HTTP/1.1" 200 573
[30/Jul/2026 15:52:40] "GET /api/user/scholarships/my-applications HTTP/1.1" 200 573
[30/Jul/2026 15:53:41] "GET /api/user/scholarships/my-applications HTTP/1.1" 200 573
[30/Jul/2026 15:54:40] "GET /api/user/scholarships/my-applications HTTP/1.1" 200 573
[30/Jul/2026 15:55:40] "GET /api/user/scholarships/my-applications HTTP/1.1" 200 573
[30/Jul/2026 15:56:40] "GET /api/user/scholarships/my-applications HTTP/1.1" 200 573
[30/Jul/2026 15:57:40] "GET /api/user/scholarships/my-applications HTTP/1.1" 200 573
[30/Jul/2026 15:58:40] "GET /api/user/scholarships/my-applications HTTP/1.1" 200 573
[30/Jul/2026 15:59:40] "GET /api/user/scholarships/my-applications HTTP/1.1" 200 573
[30/Jul/2026 16:00:40] "GET /api/user/scholarships/my-applications HTTP/1.1" 200 573
[30/Jul/2026 16:01:41] "GET /api/user/scholarships/my-applications HTTP/1.1" 200 573
[30/Jul/2026 16:02:40] "GET /api/user/scholarships/my-applications HTTP/1.1" 200 573
[30/Jul/2026 16:03:40] "GET /api/user/scholarships/my-applications HTTP/1.1" 200 573
[30/Jul/2026 16:04:40] "GET /api/user/scholarships/my-applications HTTP/1.1" 200 573
[30/Jul/2026 16:05:40] "GET /api/user/scholarships/my-applications HTTP/1.1" 200 573
Unauthorized: /api/user/scholarships/my-applications
[30/Jul/2026 16:06:39] "GET /api/user/scholarships/my-applications HTTP/1.1" 401 58
[30/Jul/2026 16:06:40] "POST /api/auth/refresh HTTP/1.1" 204 0
[30/Jul/2026 16:06:41] "GET /api/user/scholarships/my-applications HTTP/1.1" 200 573
[30/Jul/2026 16:07:40] "GET /api/user/scholarships/my-applications HTTP/1.1" 200 573
[30/Jul/2026 16:08:40] "GET /api/user/scholarships/my-applications HTTP/1.1" 200 573
[30/Jul/2026 16:09:41] "GET /api/user/scholarships/my-applications HTTP/1.1" 200 573
[30/Jul/2026 16:10:41] "GET /api/user/scholarships/my-applications HTTP/1.1" 200 573
[30/Jul/2026 16:11:41] "GET /api/user/scholarships/my-applications HTTP/1.1" 200 573
[30/Jul/2026 16:12:40] "GET /api/user/scholarships/my-applications HTTP/1.1" 200 573
[30/Jul/2026 16:13:40] "GET /api/user/scholarships/my-applications HTTP/1.1" 200 573
[30/Jul/2026 16:14:40] "GET /api/user/scholarships/my-applications HTTP/1.1" 200 573
[30/Jul/2026 16:15:40] "GET /api/user/scholarships/my-applications HTTP/1.1" 200 573
[30/Jul/2026 16:16:40] "GET /api/user/scholarships/my-applications HTTP/1.1" 200 573
[30/Jul/2026 16:17:41] "GET /api/user/scholarships/my-applications HTTP/1.1" 200 573
[30/Jul/2026 16:18:41] "GET /api/user/scholarships/my-applications HTTP/1.1" 200 573
[30/Jul/2026 16:19:40] "GET /api/user/scholarships/my-applications HTTP/1.1" 200 573
[30/Jul/2026 16:20:41] "GET /api/user/scholarships/my-applications HTTP/1.1" 200 573
[30/Jul/2026 16:21:40] "GET /api/user/scholarships/my-applications HTTP/1.1" 200 573
Unauthorized: /api/user/scholarships/my-applications
[30/Jul/2026 16:22:39] "GET /api/user/scholarships/my-applications HTTP/1.1" 401 58
[30/Jul/2026 16:22:40] "POST /api/auth/refresh HTTP/1.1" 204 0
[30/Jul/2026 16:22:41] "GET /api/user/scholarships/my-applications HTTP/1.1" 200 573
[30/Jul/2026 16:23:40] "GET /api/user/scholarships/my-applications HTTP/1.1" 200 573
[30/Jul/2026 16:24:41] "GET /api/user/scholarships/my-applications HTTP/1.1" 200 573
[30/Jul/2026 16:25:40] "GET /api/user/scholarships/my-applications HTTP/1.1" 200 573
[30/Jul/2026 16:26:40] "GET /api/user/scholarships/my-applications HTTP/1.1" 200 573
[30/Jul/2026 16:27:40] "GET /api/user/scholarships/my-applications HTTP/1.1" 200 573
[30/Jul/2026 16:28:40] "GET /api/user/scholarships/my-applications HTTP/1.1" 200 573
[30/Jul/2026 16:29:40] "GET /api/user/scholarships/my-applications HTTP/1.1" 200 573
[30/Jul/2026 16:30:40] "GET /api/user/scholarships/my-applications HTTP/1.1" 200 573
[30/Jul/2026 16:31:40] "GET /api/user/scholarships/my-applications HTTP/1.1" 200 573
[30/Jul/2026 16:32:41] "GET /api/user/scholarships/my-applications HTTP/1.1" 200 573
[30/Jul/2026 16:33:40] "GET /api/user/scholarships/my-applications HTTP/1.1" 200 573
[30/Jul/2026 16:34:40] "GET /api/user/scholarships/my-applications HTTP/1.1" 200 573
[30/Jul/2026 16:35:40] "GET /api/user/scholarships/my-applications HTTP/1.1" 200 573
[30/Jul/2026 16:36:40] "GET /api/user/scholarships/my-applications HTTP/1.1" 200 573
[30/Jul/2026 16:37:40] "GET /api/user/scholarships/my-applications HTTP/1.1" 200 573
Unauthorized: /api/user/scholarships/my-applications
[30/Jul/2026 16:38:39] "GET /api/user/scholarships/my-applications HTTP/1.1" 401 58
[30/Jul/2026 16:38:40] "POST /api/auth/refresh HTTP/1.1" 204 0
[30/Jul/2026 16:38:41] "GET /api/user/scholarships/my-applications HTTP/1.1" 200 573
[30/Jul/2026 16:39:40] "GET /api/user/scholarships/my-applications HTTP/1.1" 200 573
[30/Jul/2026 16:40:40] "GET /api/user/scholarships/my-applications HTTP/1.1" 200 573
[30/Jul/2026 16:41:40] "GET /api/user/scholarships/my-applications HTTP/1.1" 200 573
[30/Jul/2026 16:42:40] "GET /api/user/scholarships/my-applications HTTP/1.1" 200 573
[30/Jul/2026 16:43:40] "GET /api/user/scholarships/my-applications HTTP/1.1" 200 573
[30/Jul/2026 16:44:40] "GET /api/user/scholarships/my-applications HTTP/1.1" 200 573
[30/Jul/2026 16:45:40] "GET /api/user/scholarships/my-applications HTTP/1.1" 200 573
[30/Jul/2026 16:46:40] "GET /api/user/scholarships/my-applications HTTP/1.1" 200 573
[30/Jul/2026 16:47:40] "GET /api/user/scholarships/my-applications HTTP/1.1" 200 573
[30/Jul/2026 16:48:40] "GET /api/user/scholarships/my-applications HTTP/1.1" 200 573
[30/Jul/2026 16:49:40] "GET /api/user/scholarships/my-applications HTTP/1.1" 200 573
[30/Jul/2026 16:50:40] "GET /api/user/scholarships/my-applications HTTP/1.1" 200 573
[30/Jul/2026 16:51:40] "GET /api/user/scholarships/my-applications HTTP/1.1" 200 573
[30/Jul/2026 16:52:40] "GET /api/user/scholarships/my-applications HTTP/1.1" 200 573
[30/Jul/2026 16:53:40] "GET /api/user/scholarships/my-applications HTTP/1.1" 200 573
Unauthorized: /api/user/scholarships/my-applications
[30/Jul/2026 16:54:39] "GET /api/user/scholarships/my-applications HTTP/1.1" 401 58
[30/Jul/2026 16:54:41] "POST /api/auth/refresh HTTP/1.1" 204 0
[30/Jul/2026 16:54:42] "GET /api/user/scholarships/my-applications HTTP/1.1" 200 573
[30/Jul/2026 16:55:40] "GET /api/user/scholarships/my-applications HTTP/1.1" 200 573
[30/Jul/2026 16:56:40] "GET /api/user/scholarships/my-applications HTTP/1.1" 200 573
[30/Jul/2026 16:57:40] "GET /api/user/scholarships/my-applications HTTP/1.1" 200 573
[30/Jul/2026 16:58:40] "GET /api/user/scholarships/my-applications HTTP/1.1" 200 573
[30/Jul/2026 16:59:40] "GET /api/user/scholarships/my-applications HTTP/1.1" 200 573
[30/Jul/2026 17:00:40] "GET /api/user/scholarships/my-applications HTTP/1.1" 200 573
[30/Jul/2026 17:01:40] "GET /api/user/scholarships/my-applications HTTP/1.1" 200 573
[30/Jul/2026 17:02:40] "GET /api/user/scholarships/my-applications HTTP/1.1" 200 573
[30/Jul/2026 17:03:40] "GET /api/user/scholarships/my-applications HTTP/1.1" 200 573
[30/Jul/2026 17:04:40] "GET /api/user/scholarships/my-applications HTTP/1.1" 200 573
[30/Jul/2026 17:05:40] "GET /api/user/scholarships/my-applications HTTP/1.1" 200 573
[30/Jul/2026 17:06:40] "GET /api/user/scholarships/my-applications HTTP/1.1" 200 573
[30/Jul/2026 17:07:40] "GET /api/user/scholarships/my-applications HTTP/1.1" 200 573
[30/Jul/2026 17:08:40] "GET /api/user/scholarships/my-applications HTTP/1.1" 200 573
[30/Jul/2026 17:09:40] "GET /api/user/scholarships/my-applications HTTP/1.1" 200 573
Unauthorized: /api/user/scholarships/my-applications
[30/Jul/2026 17:10:39] "GET /api/user/scholarships/my-applications HTTP/1.1" 401 58
[30/Jul/2026 17:10:40] "POST /api/auth/refresh HTTP/1.1" 204 0
[30/Jul/2026 17:10:41] "GET /api/user/scholarships/my-applications HTTP/1.1" 200 573
[30/Jul/2026 17:11:41] "GET /api/user/scholarships/my-applications HTTP/1.1" 200 573
[30/Jul/2026 17:12:40] "GET /api/user/scholarships/my-applications HTTP/1.1" 200 573
[30/Jul/2026 17:13:40] "GET /api/user/scholarships/my-applications HTTP/1.1" 200 573
[30/Jul/2026 17:14:40] "GET /api/user/scholarships/my-applications HTTP/1.1" 200 573
[30/Jul/2026 17:15:40] "GET /api/user/scholarships/my-applications HTTP/1.1" 200 573
[30/Jul/2026 17:16:40] "GET /api/user/scholarships/my-applications HTTP/1.1" 200 573
[30/Jul/2026 17:17:40] "GET /api/user/scholarships/my-applications HTTP/1.1" 200 573
[30/Jul/2026 17:18:40] "GET /api/user/scholarships/my-applications HTTP/1.1" 200 573
[30/Jul/2026 17:19:40] "GET /api/user/scholarships/my-applications HTTP/1.1" 200 573
[30/Jul/2026 17:20:40] "GET /api/user/scholarships/my-applications HTTP/1.1" 200 573
[30/Jul/2026 17:21:40] "GET /api/user/scholarships/my-applications HTTP/1.1" 200 573
[30/Jul/2026 17:22:41] "GET /api/user/scholarships/my-applications HTTP/1.1" 200 573
[30/Jul/2026 17:23:40] "GET /api/user/scholarships/my-applications HTTP/1.1" 200 573
[30/Jul/2026 17:24:40] "GET /api/user/scholarships/my-applications HTTP/1.1" 200 573
[30/Jul/2026 17:25:40] "GET /api/user/scholarships/my-applications HTTP/1.1" 200 573
Unauthorized: /api/user/scholarships/my-applications
[30/Jul/2026 17:26:39] "GET /api/user/scholarships/my-applications HTTP/1.1" 401 58
[30/Jul/2026 17:26:42] "POST /api/auth/refresh HTTP/1.1" 204 0
[30/Jul/2026 17:26:43] "GET /api/user/scholarships/my-applications HTTP/1.1" 200 573
[30/Jul/2026 17:27:40] "GET /api/user/scholarships/my-applications HTTP/1.1" 200 573
[30/Jul/2026 17:28:40] "GET /api/user/scholarships/my-applications HTTP/1.1" 200 573
[30/Jul/2026 17:29:40] "GET /api/user/scholarships/my-applications HTTP/1.1" 200 573
[30/Jul/2026 17:30:40] "GET /api/user/scholarships/my-applications HTTP/1.1" 200 573
[30/Jul/2026 17:31:40] "GET /api/user/scholarships/my-applications HTTP/1.1" 200 573
[30/Jul/2026 17:32:40] "GET /api/user/scholarships/my-applications HTTP/1.1" 200 573
[30/Jul/2026 17:33:40] "GET /api/user/scholarships/my-applications HTTP/1.1" 200 573
[30/Jul/2026 17:34:41] "GET /api/user/scholarships/my-applications HTTP/1.1" 200 573
[30/Jul/2026 17:35:40] "GET /api/user/scholarships/my-applications HTTP/1.1" 200 573
[30/Jul/2026 17:36:40] "GET /api/user/scholarships/my-applications HTTP/1.1" 200 573
[30/Jul/2026 17:37:40] "GET /api/user/scholarships/my-applications HTTP/1.1" 200 573
[30/Jul/2026 17:38:40] "GET /api/user/scholarships/my-applications HTTP/1.1" 200 573
[30/Jul/2026 17:39:41] "GET /api/user/scholarships/my-applications HTTP/1.1" 200 573
[30/Jul/2026 17:40:40] "GET /api/user/scholarships/my-applications HTTP/1.1" 200 573
[30/Jul/2026 17:41:40] "GET /api/user/scholarships/my-applications HTTP/1.1" 200 573
Unauthorized: /api/user/scholarships/my-applications
[30/Jul/2026 17:42:39] "GET /api/user/scholarships/my-applications HTTP/1.1" 401 58
[30/Jul/2026 17:42:40] "POST /api/auth/refresh HTTP/1.1" 204 0
[30/Jul/2026 17:42:41] "GET /api/user/scholarships/my-applications HTTP/1.1" 200 573
[30/Jul/2026 17:43:40] "GET /api/user/scholarships/my-applications HTTP/1.1" 200 573
[30/Jul/2026 17:44:40] "GET /api/user/scholarships/my-applications HTTP/1.1" 200 573
[30/Jul/2026 17:45:40] "GET /api/user/scholarships/my-applications HTTP/1.1" 200 573
[30/Jul/2026 17:46:40] "GET /api/user/scholarships/my-applications HTTP/1.1" 200 573
[30/Jul/2026 17:47:40] "GET /api/user/scholarships/my-applications HTTP/1.1" 200 573
[30/Jul/2026 17:48:40] "GET /api/user/scholarships/my-applications HTTP/1.1" 200 573
[30/Jul/2026 17:49:40] "GET /api/user/scholarships/my-applications HTTP/1.1" 200 573
[30/Jul/2026 17:50:40] "GET /api/user/scholarships/my-applications HTTP/1.1" 200 573
[30/Jul/2026 17:51:40] "GET /api/user/scholarships/my-applications HTTP/1.1" 200 573
[30/Jul/2026 17:52:40] "GET /api/user/scholarships/my-applications HTTP/1.1" 200 573
[30/Jul/2026 17:53:41] "GET /api/user/scholarships/my-applications HTTP/1.1" 200 573
[30/Jul/2026 17:54:06] "GET /api/user/scholarships/my-applications HTTP/1.1" 200 573
[30/Jul/2026 17:54:06] "GET /api/user/notifications HTTP/1.1" 200 5474
[30/Jul/2026 17:54:15] "GET /api/user/notifications HTTP/1.1" 200 5474
[30/Jul/2026 17:54:16] "POST /api/auth/logout HTTP/1.1" 204 0
[30/Jul/2026 17:54:26] "GET /api/auth/session HTTP/1.1" 200 13
[30/Jul/2026 17:54:38] "GET /api/auth/session HTTP/1.1" 200 13
[30/Jul/2026 17:54:47] "POST /api/auth/login HTTP/1.1" 200 374
[30/Jul/2026 17:54:47] "GET /media/profiles/2/9fe3550113bb492095f41256150aaf0c.jpg HTTP/1.1" 200 1129904
[30/Jul/2026 17:54:48] "GET /api/home/content?_content_updated=1785423287721 HTTP/1.1" 200 29185
[30/Jul/2026 17:54:48] "GET /api/home/content?_content_updated=1785423287723 HTTP/1.1" 200 29185
[30/Jul/2026 17:54:50] "GET /api/scholarships?_content_updated=1785423289537 HTTP/1.1" 200 48984
[30/Jul/2026 17:54:50] "GET /api/scholarships?_content_updated=1785423289538 HTTP/1.1" 200 48984
[30/Jul/2026 17:55:15] "GET /api/bursary-applications/validate-membership-reference?reference=IPC-0EE4166DDF HTTP/1.1" 200 95
Not Found: /api/scholarships/content
[30/Jul/2026 17:56:06] "GET /api/scholarships/content HTTP/1.1" 404 62000
[30/Jul/2026 17:56:07,144] - Broken pipe from ('127.0.0.1', 60094)
[30/Jul/2026 17:56:11] "GET /api/scholarships HTTP/1.1" 200 49556
[30/Jul/2026 17:56:12,044] - Broken pipe from ('127.0.0.1', 60098)
[30/Jul/2026 17:56:16] "GET /api/scholarships HTTP/1.1" 200 49556
[30/Jul/2026 17:56:16,890] - Broken pipe from ('127.0.0.1', 60103)
