
> react@0.0.0 dev
> vite --host 127.0.0.1

[2m10:44:57 AM[22m [36m[1m[vite][22m[39m [90m[2m(client)[22m[39m Re-optimizing dependencies because lockfile has changed

  [32m[1mVITE[22m v8.1.4[39m  [2mready in [0m[1m1416[22m[2m[0m ms[22m

  [32m➜[39m  [1mLocal[22m:   [36mhttps://127.0.0.1:[1m5173[22m/[39m
  [32m➜[39m  [1mLocal[22m:   [36mhttps://localhost:[1m5173[22m/[39m
[2m11:20:28 AM[22m [36m[1m[vite][22m[39m [90m[2m(client)[22m[39m [32mhmr update [39m[2m/src/index.css, /src/pages/scholarships/ScholarshipsGateway.tsx[22m
[2m11:20:28 AM[22m [36m[1m[vite][22m[39m [90m[2m(client)[22m[39m [33mhmr invalidate [39m[2m/src/pages/scholarships/ScholarshipsGateway.tsx[22m Could not Fast Refresh ("PATHWAYS" export is incompatible). Learn more at https://github.com/vitejs/vite-plugin-react/tree/main/packages/plugin-react#consistent-components-exports
[2m11:20:28 AM[22m [36m[1m[vite][22m[39m [90m[2m(client)[22m[39m [32mhmr update [39m[2m/src/pages/scholarships/page.tsx[22m
[2m11:20:45 AM[22m [36m[1m[vite][22m[39m [90m[2m(client)[22m[39m [32mhmr update [39m[2m/src/index.css[22m
[2m11:21:00 AM[22m [36m[1m[vite][22m[39m [90m[2m(client)[22m[39m [32mhmr update [39m[2m/src/index.css, /src/pages/scholarships/ScholarshipsGateway.tsx[22m
[2m11:21:00 AM[22m [36m[1m[vite][22m[39m [90m[2m(client)[22m[39m [33mhmr invalidate [39m[2m/src/pages/scholarships/ScholarshipsGateway.tsx[22m Could not Fast Refresh ("PATHWAYS" export is incompatible). Learn more at https://github.com/vitejs/vite-plugin-react/tree/main/packages/plugin-react#consistent-components-exports
[2m11:21:00 AM[22m [36m[1m[vite][22m[39m [90m[2m(client)[22m[39m [32mhmr update [39m[2m/src/pages/scholarships/page.tsx[22m
[2m11:21:00 AM[22m [36m[1m[vite][22m[39m [90m[2m(client)[22m[39m [32mhmr update [39m[2m/src/index.css[22m
[2m11:30:28 AM[22m [36m[1m[vite][22m[39m [90m[2m(client)[22m[39m [32mhmr update [39m[2m/src/index.css, /src/features/bursary/FormFields.tsx[22m
[2m11:30:28 AM[22m [36m[1m[vite][22m[39m [90m[2m(client)[22m[39m [32mhmr update [39m[2m/src/index.css, /src/features/bursary/BursaryApplicationPage.tsx[22m
[2m11:30:29 AM[22m [36m[1m[vite][22m[39m [90m[2m(client)[22m[39m [32mhmr update [39m[2m/src/index.css, /src/features/bursary/Steps.tsx[22m
[2m11:46:01 AM[22m [36m[1m[vite][22m[39m [90m[2m(client)[22m[39m [32mhmr update [39m[2m/src/index.css, /src/features/bursary/BursaryApplicationPage.tsx[22m
[2m11:46:02 AM[22m [36m[1m[vite][22m[39m [90m[2m(client)[22m[39m [32mhmr update [39m[2m/src/index.css, /src/features/bursary/Steps.tsx[22m
[2m11:46:03 AM[22m [36m[1m[vite][22m[39m [90m[2m(client)[22m[39m [32mhmr update [39m[2m/src/index.css[22m
[2m11:46:03 AM[22m [36m[1m[vite][22m[39m [90m[2m(client)[22m[39m [32mhmr update [39m[2m/src/index.css, /src/features/admin/bursary-applications/page.tsx, /src/features/bursary/BursaryApplicationPage.tsx, /src/features/bursary/Steps.tsx[22m
[2m11:46:04 AM[22m [36m[1m[vite][22m[39m [90m[2m(client)[22m[39m [32mhmr update [39m[2m/src/index.css[22m
[2m11:46:13 AM[22m [36m[1m[vite][22m[39m [90m[2m(client)[22m[39m [32mhmr update [39m[2m/src/index.css, /src/features/bursary/Steps.tsx[22m
[2m11:46:23 AM[22m [36m[1m[vite][22m[39m [90m[2m(client)[22m[39m [32mhmr update [39m[2m/src/index.css, /src/features/auth/AuthContext.tsx, /src/components/forms/SimpleInterestForm.tsx, /src/components/content/ManagedContentProvider.tsx, /src/pages/membership/page.tsx, /src/pages/events/page.tsx, /src/pages/awards/page.tsx, /src/pages/awards/components/AwardNominationEntryForm.tsx, /src/features/user-panel/components/UserNotificationBell.tsx, /src/features/user-panel/pages/DashboardPage.tsx, /src/features/user-panel/pages/SupportPage.tsx, /src/pages/about/page.tsx and 12 more[22m
[2m11:46:24 AM[22m [36m[1m[vite][22m[39m [90m[2m(client)[22m[39m [33mhmr invalidate [39m[2m/src/features/auth/AuthContext.tsx[22m Could not Fast Refresh ("useAuth" export is incompatible). Learn more at https://github.com/vitejs/vite-plugin-react/tree/main/packages/plugin-react#consistent-components-exports
[2m11:46:24 AM[22m [36m[1m[vite][22m[39m [90m[2m(client)[22m[39m [32mhmr update [39m[2m/src/App.tsx, /src/components/feature/Header.tsx, /src/components/feature/MobileMenu.tsx, /src/components/feature/ProfileMenu.tsx, /src/features/auth/ProtectedRoute.tsx, /src/pages/clubs/page.tsx, /src/pages/awards/components/AwardNominationEntryForm.tsx, /src/features/auth/login/Login.tsx, /src/features/admin/layouts/AdminLayout.tsx, /src/features/admin/overview/page.tsx, /src/features/user-panel/layouts/UserPanelLayout.tsx, /src/features/admin/enquiries/page.tsx[22m
[2m11:55:21 AM[22m [36m[1m[vite][22m[39m [90m[2m(client)[22m[39m [32mhmr update [39m[2m/src/index.css[22m
[2m11:55:25 AM[22m [36m[1m[vite][22m[39m [90m[2m(client)[22m[39m [32mhmr update [39m[2m/src/index.css[22m
[2m11:55:30 AM[22m [36m[1m[vite][22m[39m [90m[2m(client)[22m[39m [32mhmr update [39m[2m/src/index.css[22m
[2m11:55:33 AM[22m [36m[1m[vite][22m[39m [90m[2m(client)[22m[39m [32mhmr update [39m[2m/src/index.css[22m
[2m11:55:40 AM[22m [36m[1m[vite][22m[39m [90m[2m(client)[22m[39m [32mhmr update [39m[2m/src/index.css[22m
[2m11:55:41 AM[22m [36m[1m[vite][22m[39m [90m[2m(client)[22m[39m [32mhmr update [39m[2m/src/index.css[22m
[2m12:04:03 PM[22m [36m[1m[vite][22m[39m [90m[2m(client)[22m[39m [32mhmr update [39m[2m/src/index.css, /src/features/auth/AuthContext.tsx[22m
[2m12:04:03 PM[22m [36m[1m[vite][22m[39m [90m[2m(client)[22m[39m [33mhmr invalidate [39m[2m/src/features/auth/AuthContext.tsx[22m Could not Fast Refresh ("useAuth" export is incompatible). Learn more at https://github.com/vitejs/vite-plugin-react/tree/main/packages/plugin-react#consistent-components-exports
[2m12:04:03 PM[22m [36m[1m[vite][22m[39m [90m[2m(client)[22m[39m [32mhmr update [39m[2m/src/App.tsx, /src/components/feature/Header.tsx, /src/components/feature/MobileMenu.tsx, /src/components/feature/ProfileMenu.tsx, /src/features/auth/ProtectedRoute.tsx, /src/pages/clubs/page.tsx, /src/pages/awards/components/AwardNominationEntryForm.tsx, /src/features/auth/login/Login.tsx, /src/features/admin/layouts/AdminLayout.tsx, /src/features/admin/overview/page.tsx, /src/features/user-panel/layouts/UserPanelLayout.tsx, /src/features/admin/enquiries/page.tsx and 1 more[22m
[2m12:08:29 PM[22m [36m[1m[vite][22m[39m [90m[2m(client)[22m[39m [32mhmr update [39m[2m/src/index.css, /src/features/bursary/Steps.tsx[22m
[2m12:09:06 PM[22m [36m[1m[vite][22m[39m [90m[2m(client)[22m[39m [32mhmr update [39m[2m/src/index.css, /src/features/admin/bursary-applications/page.tsx, /src/features/bursary/BursaryApplicationPage.tsx, /src/features/bursary/Steps.tsx[22m
[2m12:38:03 PM[22m [36m[1m[vite][22m[39m [90m[2m(client)[22m[39m [32mhmr update [39m[2m/src/index.css[22m
[2m12:38:04 PM[22m [36m[1m[vite][22m[39m [90m[2m(client)[22m[39m [32mhmr update [39m[2m/src/index.css, /src/pages/awards/components/AwardNominationEntryForm.tsx, /src/features/user-panel/components/UserNotificationBell.tsx, /src/features/user-panel/pages/DashboardPage.tsx, /src/features/user-panel/pages/SupportPage.tsx, /src/features/user-panel/pages/ProfilePage.tsx, /src/features/user-panel/pages/MembershipPage.tsx[22m
[2m12:38:13 PM[22m [36m[1m[vite][22m[39m [90m[2m(client)[22m[39m [32mhmr update [39m[2m/src/features/auth/AuthContext.tsx, /src/index.css[22m
[2m12:38:14 PM[22m [36m[1m[vite][22m[39m [90m[2m(client)[22m[39m [33mhmr invalidate [39m[2m/src/features/auth/AuthContext.tsx[22m Could not Fast Refresh ("useAuth" export is incompatible). Learn more at https://github.com/vitejs/vite-plugin-react/tree/main/packages/plugin-react#consistent-components-exports
[2m12:38:14 PM[22m [36m[1m[vite][22m[39m [90m[2m(client)[22m[39m [32mhmr update [39m[2m/src/App.tsx, /src/components/feature/Header.tsx, /src/components/feature/MobileMenu.tsx, /src/components/feature/ProfileMenu.tsx, /src/features/auth/ProtectedRoute.tsx, /src/pages/clubs/page.tsx, /src/pages/awards/components/AwardNominationEntryForm.tsx, /src/features/auth/login/Login.tsx, /src/features/admin/layouts/AdminLayout.tsx, /src/features/admin/overview/page.tsx, /src/features/user-panel/layouts/UserPanelLayout.tsx, /src/features/admin/enquiries/page.tsx and 2 more[22m
[2m12:39:11 PM[22m [36m[1m[vite][22m[39m [90m[2m(client)[22m[39m [32mhmr update [39m[2m/src/index.css, /src/features/user-panel/pages/ProfilePage.tsx[22m
[2m12:39:11 PM[22m [36m[1m[vite][22m[39m [90m[2m(client)[22m[39m [32mpage reload [39m[2msrc/features/user-panel/pages/ProfilePage.tsx[22m
[2m12:42:13 PM[22m [36m[1m[vite][22m[39m [90m[2m(client)[22m[39m [32mhmr update [39m[2m/src/index.css, /src/features/user-panel/layouts/UserPanelLayout.tsx[22m
[2m12:44:15 PM[22m [36m[1m[vite][22m[39m [90m[2m(client)[22m[39m [32mhmr update [39m[2m/src/index.css, /src/pages/scholarships/ScholarshipsGateway.tsx[22m
[2m12:44:16 PM[22m [36m[1m[vite][22m[39m [90m[2m(client)[22m[39m [33mhmr invalidate [39m[2m/src/pages/scholarships/ScholarshipsGateway.tsx[22m Could not Fast Refresh ("PATHWAYS" export is incompatible). Learn more at https://github.com/vitejs/vite-plugin-react/tree/main/packages/plugin-react#consistent-components-exports
[2m12:44:16 PM[22m [36m[1m[vite][22m[39m [90m[2m(client)[22m[39m [32mhmr update [39m[2m/src/pages/scholarships/page.tsx[22m
[2m12:44:53 PM[22m [36m[1m[vite][22m[39m [90m[2m(client)[22m[39m [32mhmr update [39m[2m/src/index.css[22m
[2m12:46:12 PM[22m [36m[1m[vite][22m[39m [90m[2m(client)[22m[39m [32mhmr update [39m[2m/src/index.css, /src/pages/scholarships/ScholarshipsGateway.tsx[22m
[2m12:46:13 PM[22m [36m[1m[vite][22m[39m [90m[2m(client)[22m[39m [33mhmr invalidate [39m[2m/src/pages/scholarships/ScholarshipsGateway.tsx[22m Could not Fast Refresh ("PATHWAYS" export is incompatible). Learn more at https://github.com/vitejs/vite-plugin-react/tree/main/packages/plugin-react#consistent-components-exports
[2m12:46:13 PM[22m [36m[1m[vite][22m[39m [90m[2m(client)[22m[39m [32mhmr update [39m[2m/src/pages/scholarships/page.tsx[22m
[2m12:50:05 PM[22m [36m[1m[vite][22m[39m [90m[2m(client)[22m[39m [32mhmr update [39m[2m/src/index.css, /src/pages/scholarships/ScholarshipsGateway.tsx[22m
[2m12:50:05 PM[22m [36m[1m[vite][22m[39m [90m[2m(client)[22m[39m [33mhmr invalidate [39m[2m/src/pages/scholarships/ScholarshipsGateway.tsx[22m Could not Fast Refresh ("PATHWAYS" export is incompatible). Learn more at https://github.com/vitejs/vite-plugin-react/tree/main/packages/plugin-react#consistent-components-exports
[2m12:50:05 PM[22m [36m[1m[vite][22m[39m [90m[2m(client)[22m[39m [32mhmr update [39m[2m/src/pages/scholarships/page.tsx[22m
[2m12:59:57 PM[22m [36m[1m[vite][22m[39m [90m[2m(client)[22m[39m [32mhmr update [39m[2m/src/index.css, /src/features/bursary/BursaryApplicationPage.tsx[22m
[2m1:23:29 PM[22m [36m[1m[vite][22m[39m [90m[2m(client)[22m[39m [32mhmr update [39m[2m/src/index.css, /src/features/bursary/FormFields.tsx[22m
[2m1:23:30 PM[22m [36m[1m[vite][22m[39m [90m[2m(client)[22m[39m [32mhmr update [39m[2m/src/index.css, /src/features/bursary/Steps.tsx[22m
[2m1:36:03 PM[22m [36m[1m[vite][22m[39m [90m[2m(client)[22m[39m [32mhmr update [39m[2m/src/index.css, /src/features/bursary/Steps.tsx[22m
[2m1:36:04 PM[22m [36m[1m[vite][22m[39m [90m[2m(client)[22m[39m [32mhmr update [39m[2m/src/index.css, /src/features/bursary/Steps.tsx[22m
[2m1:42:34 PM[22m [36m[1m[vite][22m[39m [90m[2m(client)[22m[39m [32mhmr update [39m[2m/src/index.css, /src/features/admin/bursary-applications/page.tsx, /src/features/bursary/BursaryApplicationPage.tsx, /src/features/bursary/Steps.tsx[22m
[2m1:45:01 PM[22m [36m[1m[vite][22m[39m [90m[2m(client)[22m[39m [32mhmr update [39m[2m/src/index.css, /src/features/bursary/Steps.tsx[22m
[2m1:48:11 PM[22m [36m[1m[vite][22m[39m [90m[2m(client)[22m[39m [32mhmr update [39m[2m/src/index.css, /src/features/auth/AuthContext.tsx, /src/components/forms/SimpleInterestForm.tsx, /src/components/content/ManagedContentProvider.tsx, /src/pages/membership/page.tsx, /src/pages/events/page.tsx, /src/pages/awards/page.tsx, /src/pages/awards/components/AwardNominationEntryForm.tsx, /src/features/user-panel/components/UserNotificationBell.tsx, /src/features/user-panel/pages/DashboardPage.tsx, /src/features/user-panel/pages/SupportPage.tsx and 18 more[22m
[2m1:48:11 PM[22m [36m[1m[vite][22m[39m [90m[2m(client)[22m[39m [33mhmr invalidate [39m[2m/src/features/auth/AuthContext.tsx[22m Could not Fast Refresh ("useAuth" export is incompatible). Learn more at https://github.com/vitejs/vite-plugin-react/tree/main/packages/plugin-react#consistent-components-exports
[2m1:48:11 PM[22m [36m[1m[vite][22m[39m [90m[2m(client)[22m[39m [32mhmr update [39m[2m/src/App.tsx, /src/components/feature/Header.tsx, /src/components/feature/MobileMenu.tsx, /src/components/feature/ProfileMenu.tsx, /src/features/auth/ProtectedRoute.tsx, /src/pages/clubs/page.tsx, /src/pages/awards/components/AwardNominationEntryForm.tsx, /src/features/auth/login/Login.tsx, /src/features/admin/layouts/AdminLayout.tsx, /src/features/admin/overview/page.tsx, /src/features/user-panel/layouts/UserPanelLayout.tsx, /src/features/admin/enquiries/page.tsx and 4 more[22m
[2m1:48:11 PM[22m [36m[1m[vite][22m[39m [90m[2m(client)[22m[39m [33mhmr invalidate [39m[2m/src/components/content/ManagedContentProvider.tsx[22m Could not Fast Refresh ("isManagedItemActive" export is incompatible). Learn more at https://github.com/vitejs/vite-plugin-react/tree/main/packages/plugin-react#consistent-components-exports
[2m1:48:11 PM[22m [36m[1m[vite][22m[39m [90m[2m(client)[22m[39m [32mhmr update [39m[2m/src/pages/home/page.tsx, /src/pages/home/components/RecognitionPathway.tsx, /src/pages/home/components/InstitutionAuthority.tsx, /src/pages/home/components/HomeContentSections.tsx, /src/pages/home/components/DisciplineSystem.tsx, /src/pages/home/components/HeroCanvas.tsx, /src/components/content/ManagedPageSeo.tsx, /src/pages/membership/page.tsx, /src/pages/membership/components/MembershipCompetenceMatrix.tsx, /src/pages/membership/components/MembershipComparisonTable.tsx and 26 more[22m
[2m1:48:11 PM[22m [36m[1m[vite][22m[39m [90m[2m(client)[22m[39m [33mhmr invalidate [39m[2m/src/pages/scholarships/ScholarshipsGateway.tsx[22m Could not Fast Refresh ("PATHWAYS" export is incompatible). Learn more at https://github.com/vitejs/vite-plugin-react/tree/main/packages/plugin-react#consistent-components-exports
[2m1:48:11 PM[22m [36m[1m[vite][22m[39m [90m[2m(client)[22m[39m [32mhmr update [39m[2m/src/pages/scholarships/page.tsx[22m
[2m1:53:31 PM[22m [36m[1m[vite][22m[39m [90m[2m(client)[22m[39m [32mhmr update [39m[2m/src/index.css, /src/features/bursary/BursaryApplicationPage.tsx[22m
[2m1:53:32 PM[22m [36m[1m[vite][22m[39m [90m[2m(client)[22m[39m [32mhmr update [39m[2m/src/index.css[22m
[2m2:04:38 PM[22m [36m[1m[vite][22m[39m [90m[2m(client)[22m[39m [32mhmr update [39m[2m/src/index.css[22m
[2m2:04:39 PM[22m [36m[1m[vite][22m[39m [90m[2m(client)[22m[39m [32mhmr update [39m[2m/src/index.css, /src/features/user-panel/pages/DirectoryPage.tsx[22m
[2m2:12:32 PM[22m [36m[1m[vite][22m[39m [90m[2m(client)[22m[39m [32mhmr update [39m[2m/src/index.css, /src/features/user-panel/pages/DirectoryPage.tsx[22m
[2m2:12:58 PM[22m [36m[1m[vite][22m[39m [90m[2m(client)[22m[39m [32mhmr update [39m[2m/src/index.css, /src/features/user-panel/pages/DirectoryPage.tsx[22m
[2m2:13:06 PM[22m [36m[1m[vite][22m[39m [90m[2m(client)[22m[39m [32mhmr update [39m[2m/src/index.css, /src/features/user-panel/pages/DirectoryPage.tsx[22m
[2m2:13:12 PM[22m [36m[1m[vite][22m[39m [90m[2m(client)[22m[39m [32mhmr update [39m[2m/src/index.css, /src/features/user-panel/pages/DirectoryPage.tsx[22m
[2m2:15:18 PM[22m [36m[1m[vite][22m[39m [90m[2m(client)[22m[39m [32mhmr update [39m[2m/src/index.css, /src/features/admin/bursary-applications/page.tsx, /src/features/bursary/BursaryApplicationPage.tsx, /src/features/bursary/Steps.tsx, /src/features/admin/bursary-applications/details/page.tsx[22m
[2m2:15:36 PM[22m [36m[1m[vite][22m[39m [90m[2m(client)[22m[39m [32mhmr update [39m[2m/src/index.css, /src/features/bursary/Steps.tsx[22m
[2m2:15:45 PM[22m [36m[1m[vite][22m[39m [90m[2m(client)[22m[39m [32mhmr update [39m[2m/src/index.css, /src/features/bursary/BursaryApplicationPage.tsx[22m
[2m2:19:36 PM[22m [36m[1m[vite][22m[39m [90m[2m(client)[22m[39m [32mhmr update [39m[2m/src/index.css[22m
[2m2:19:36 PM[22m [36m[1m[vite][22m[39m [90m[2m(client)[22m[39m [32mhmr update [39m[2m/src/index.css, /src/features/profile/AccountProfile.tsx[22m
[2m2:19:37 PM[22m [36m[1m[vite][22m[39m [90m[2m(client)[22m[39m [32mhmr update [39m[2m/src/index.css, /src/features/user-panel/pages/ProfilePage.tsx[22m
[2m2:27:36 PM[22m [36m[1m[vite][22m[39m [90m[2m(client)[22m[39m [32mhmr update [39m[2m/src/index.css, /src/features/user-panel/layouts/UserPanelLayout.tsx[22m
[2m2:27:37 PM[22m [36m[1m[vite][22m[39m [90m[2m(client)[22m[39m [32mhmr update [39m[2m/src/index.css, /src/features/auth/login/Login.tsx, /src/features/admin/context/AdminDashboardContext.tsx, /src/features/admin/bursary-applications/page.tsx, /src/features/admin/events/page.tsx, /src/features/admin/awards/page.tsx, /src/features/admin/awards/AwardNominationsPanel.tsx, /src/features/admin/support/page.tsx, /src/features/admin/enquiries/page.tsx, /src/features/admin/applications/page.tsx, /src/features/admin/content/page.tsx, /src/features/admin/users/page.tsx and 2 more[22m
[2m2:27:37 PM[22m [36m[1m[vite][22m[39m [90m[2m(client)[22m[39m [33mhmr invalidate [39m[2m/src/features/admin/context/AdminDashboardContext.tsx[22m Could not Fast Refresh ("useAdminDashboard" export is incompatible). Learn more at https://github.com/vitejs/vite-plugin-react/tree/main/packages/plugin-react#consistent-components-exports
[2m2:27:37 PM[22m [36m[1m[vite][22m[39m [90m[2m(client)[22m[39m [32mhmr update [39m[2m/src/features/admin/layouts/AdminLayout.tsx, /src/features/admin/overview/page.tsx, /src/features/admin/enquiries/page.tsx, /src/features/admin/applications/page.tsx[22m
[2m2:27:37 PM[22m [36m[1m[vite][22m[39m [90m[2m(client)[22m[39m [32mhmr update [39m[2m/src/index.css[22m
[2m2:27:38 PM[22m [36m[1m[vite][22m[39m [90m[2m(client)[22m[39m [32mhmr update [39m[2m/src/index.css, /src/features/user-panel/pages/DirectoryPage.tsx[22m
[2m2:27:39 PM[22m [36m[1m[vite][22m[39m [90m[2m(client)[22m[39m [32mhmr update [39m[2m/src/index.css, /src/features/user-panel/pages/ClubCommunityPage.tsx[22m
[2m2:27:39 PM[22m [36m[1m[vite][22m[39m [90m[2m(client)[22m[39m [32mhmr update [39m[2m/src/index.css[22m
[2m2:27:40 PM[22m [36m[1m[vite][22m[39m [90m[2m(client)[22m[39m [32mhmr update [39m[2m/src/index.css, /src/features/user-panel/pages/MembershipPage.tsx[22m
[2m2:27:41 PM[22m [36m[1m[vite][22m[39m [90m[2m(client)[22m[39m [32mhmr update [39m[2m/src/index.css, /src/features/user-panel/pages/SupportPage.tsx[22m
[2m2:27:42 PM[22m [36m[1m[vite][22m[39m [90m[2m(client)[22m[39m [32mhmr update [39m[2m/src/index.css, /src/features/user-panel/pages/ProfilePage.tsx[22m
[2m2:27:42 PM[22m [36m[1m[vite][22m[39m [90m[2m(client)[22m[39m [32mhmr update [39m[2m/src/index.css, /src/features/user-panel/pages/RecordsPage.tsx[22m
[2m2:30:29 PM[22m [36m[1m[vite][22m[39m [90m[2m(client)[22m[39m [32mhmr update [39m[2m/src/index.css, /src/features/user-panel/pages/DirectoryPage.tsx[22m
[2m2:30:30 PM[22m [36m[1m[vite][22m[39m [90m[2m(client)[22m[39m [32mhmr update [39m[2m/src/index.css, /src/features/user-panel/components/PanelUI.tsx[22m
[2m2:41:18 PM[22m [36m[1m[vite][22m[39m [90m[2m(client)[22m[39m [32mhmr update [39m[2m/src/index.css, /src/features/auth/login/Login.tsx, /src/features/admin/context/AdminDashboardContext.tsx, /src/features/admin/bursary-applications/page.tsx, /src/features/admin/events/page.tsx, /src/features/admin/awards/page.tsx, /src/features/admin/awards/AwardNominationsPanel.tsx, /src/features/admin/support/page.tsx, /src/features/admin/enquiries/page.tsx, /src/features/admin/applications/page.tsx, /src/features/admin/content/page.tsx, /src/features/admin/users/page.tsx and 7 more[22m
[2m2:41:18 PM[22m [36m[1m[vite][22m[39m [90m[2m(client)[22m[39m [33mhmr invalidate [39m[2m/src/features/admin/context/AdminDashboardContext.tsx[22m Could not Fast Refresh ("useAdminDashboard" export is incompatible). Learn more at https://github.com/vitejs/vite-plugin-react/tree/main/packages/plugin-react#consistent-components-exports
[2m2:41:18 PM[22m [36m[1m[vite][22m[39m [90m[2m(client)[22m[39m [32mhmr update [39m[2m/src/features/admin/layouts/AdminLayout.tsx, /src/features/admin/overview/page.tsx, /src/features/admin/enquiries/page.tsx, /src/features/admin/applications/page.tsx[22m
[2m2:47:30 PM[22m [36m[1m[vite][22m[39m [90m[2m(client)[22m[39m [32mhmr update [39m[2m/src/index.css, /src/pages/awards/components/AwardNominationEntryForm.tsx, /src/features/user-panel/components/UserNotificationBell.tsx, /src/features/user-panel/pages/DashboardPage.tsx, /src/features/user-panel/pages/SupportPage.tsx, /src/features/user-panel/pages/MembershipPage.tsx, /src/features/user-panel/pages/ProfilePage.tsx, /src/features/user-panel/pages/DirectoryPage.tsx, /src/features/user-panel/pages/RecordsPage.tsx, /src/features/user-panel/pages/ClubCommunityPage.tsx[22m
[2m2:47:31 PM[22m [36m[1m[vite][22m[39m [90m[2m(client)[22m[39m [32mhmr update [39m[2m/src/index.css[22m
[2m2:48:15 PM[22m [36m[1m[vite][22m[39m [90m[2m(client)[22m[39m [32mhmr update [39m[2m/src/index.css, /src/features/user-panel/pages/DirectoryPage.tsx[22m
[2m2:48:25 PM[22m [36m[1m[vite][22m[39m [90m[2m(client)[22m[39m [32mhmr update [39m[2m/src/index.css, /src/features/user-panel/pages/DirectoryPage.tsx[22m
[2m2:57:16 PM[22m [36m[1m[vite][22m[39m [90m[2m(client)[22m[39m [32mhmr update [39m[2m/src/index.css[22m
[2m2:57:17 PM[22m [36m[1m[vite][22m[39m [90m[2m(client)[22m[39m [32mhmr update [39m[2m/src/index.css, /src/features/admin/components/AdminNotificationBell.tsx, /src/features/admin/context/AdminDashboardContext.tsx, /src/features/admin/events/page.tsx, /src/features/admin/awards/page.tsx, /src/features/admin/awards/AwardNominationsPanel.tsx, /src/features/admin/support/page.tsx, /src/features/admin/enquiries/page.tsx, /src/features/admin/enquiries/EnquiryDetailsModal.tsx, /src/features/admin/applications/page.tsx, /src/features/admin/content/page.tsx and 3 more[22m
[2m2:57:17 PM[22m [36m[1m[vite][22m[39m [90m[2m(client)[22m[39m [33mhmr invalidate [39m[2m/src/features/admin/context/AdminDashboardContext.tsx[22m Could not Fast Refresh ("useAdminDashboard" export is incompatible). Learn more at https://github.com/vitejs/vite-plugin-react/tree/main/packages/plugin-react#consistent-components-exports
[2m2:57:17 PM[22m [36m[1m[vite][22m[39m [90m[2m(client)[22m[39m [32mhmr update [39m[2m/src/features/admin/layouts/AdminLayout.tsx, /src/features/admin/overview/page.tsx, /src/features/admin/enquiries/page.tsx, /src/features/admin/applications/page.tsx[22m
[2m2:57:27 PM[22m [36m[1m[vite][22m[39m [90m[2m(client)[22m[39m [32mhmr update [39m[2m/src/index.css, /src/features/admin/users/details/page.tsx[22m
[2m2:58:16 PM[22m [36m[1m[vite][22m[39m [90m[2m(client)[22m[39m [32mpage reload [39m[2msrc/features/admin/users/details/page.tsx[22m
[2m2:58:24 PM[22m [36m[1m[vite][22m[39m [90m[2m(client)[22m[39m [32mpage reload [39m[2msrc/features/admin/users/details/page.tsx[22m
[2m3:11:45 PM[22m [36m[1m[vite][22m[39m [90m[2m(client)[22m[39m [32mhmr update [39m[2m/src/index.css, /src/features/admin/bursary-applications/details/page.tsx[22m
[2m3:11:54 PM[22m [36m[1m[vite][22m[39m [90m[2m(client)[22m[39m [32mhmr update [39m[2m/src/index.css, /src/features/admin/bursary-applications/details/page.tsx[22m
[2m3:12:15 PM[22m [36m[1m[vite][22m[39m [90m[2m(client)[22m[39m [32mhmr update [39m[2m/src/index.css, /src/features/admin/bursary-applications/details/page.tsx[22m
[2m3:34:25 PM[22m [36m[1m[vite][22m[39m [90m[2m(client)[22m[39m [32mhmr update [39m[2m/src/index.css, /src/features/bursary/BursaryApplicationPage.tsx[22m
