Watching for file changes with StatReloader
[09/Jul/2026 11:56:51] "GET /api/membership-grades HTTP/1.1" 200 2
[09/Jul/2026 11:56:51,882] - Broken pipe from ('127.0.0.1', 55210)
[09/Jul/2026 11:56:52] "POST /api/newsletter HTTP/1.1" 201 132
[09/Jul/2026 11:56:52,190] - Broken pipe from ('127.0.0.1', 55211)
[09/Jul/2026 11:56:52] "POST /api/contact HTTP/1.1" 201 195
[09/Jul/2026 11:56:52,951] - Broken pipe from ('127.0.0.1', 55208)
[09/Jul/2026 11:57:06] "POST /api/events/register HTTP/1.1" 201 267
[09/Jul/2026 11:57:06,845] - Broken pipe from ('127.0.0.1', 55222)
[09/Jul/2026 11:57:06] "POST /api/awards/interest HTTP/1.1" 201 180
[09/Jul/2026 11:57:06,987] - Broken pipe from ('127.0.0.1', 55223)
[09/Jul/2026 11:57:14] "POST /api/applications HTTP/1.1" 201 685
[09/Jul/2026 11:57:26] "GET /api/membership-grades HTTP/1.1" 200 2
[09/Jul/2026 11:57:26] "GET /admin/ HTTP/1.1" 302 0
[09/Jul/2026 11:57:26] "GET /admin/login/?next=/admin/ HTTP/1.1" 200 4176
[09/Jul/2026 11:57:26,416] - Broken pipe from ('127.0.0.1', 55234)
D:\kent\IPCTest2\backend\accounts\admin.py changed, reloading.
Watching for file changes with StatReloader
D:\kent\IPCTest2\backend\memberships\models.py changed, reloading.
Watching for file changes with StatReloader
D:\kent\IPCTest2\backend\memberships\admin.py changed, reloading.
Watching for file changes with StatReloader
D:\kent\IPCTest2\backend\applications\models.py changed, reloading.
Watching for file changes with StatReloader
D:\kent\IPCTest2\backend\applications\serializers.py changed, reloading.
Watching for file changes with StatReloader
D:\kent\IPCTest2\backend\applications\admin.py changed, reloading.
Watching for file changes with StatReloader
D:\kent\IPCTest2\backend\events\models.py changed, reloading.
Watching for file changes with StatReloader
D:\kent\IPCTest2\backend\events\views.py changed, reloading.
Watching for file changes with StatReloader
D:\kent\IPCTest2\backend\awards\admin.py changed, reloading.
Watching for file changes with StatReloader
D:\kent\IPCTest2\backend\contact\serializers.py changed, reloading.
Watching for file changes with StatReloader
D:\kent\IPCTest2\backend\newsletter\models.py changed, reloading.
Watching for file changes with StatReloader
D:\kent\IPCTest2\backend\media_library\models.py changed, reloading.
Watching for file changes with StatReloader
D:\kent\IPCTest2\backend\media_library\admin.py changed, reloading.
Watching for file changes with StatReloader
D:\kent\IPCTest2\backend\ipc_backend\api_urls.py changed, reloading.
Watching for file changes with StatReloader
D:\kent\IPCTest2\backend\media_library\views.py changed, reloading.
Watching for file changes with StatReloader
D:\kent\IPCTest2\backend\memberships\models.py changed, reloading.
Watching for file changes with StatReloader
D:\kent\IPCTest2\backend\memberships\models.py changed, reloading.
Watching for file changes with StatReloader
D:\kent\IPCTest2\backend\ipc_backend\api_urls.py changed, reloading.
Watching for file changes with StatReloader
[09/Jul/2026 14:40:08] "POST /api/applications HTTP/1.1" 201 897
[09/Jul/2026 14:40:41] "POST /api/applications HTTP/1.1" 201 2150
[09/Jul/2026 15:25:53] "GET /api/membership-grades HTTP/1.1" 200 1230
[09/Jul/2026 15:28:37] "GET /api/membership-grades HTTP/1.1" 200 8151
[09/Jul/2026 15:28:38] "GET /static/rest_framework/css/prettify.css HTTP/1.1" 200 817
[09/Jul/2026 15:28:38] "GET /static/rest_framework/css/bootstrap-tweaks.css HTTP/1.1" 200 3426
[09/Jul/2026 15:28:38] "GET /static/rest_framework/css/bootstrap.min.css HTTP/1.1" 200 121457
[09/Jul/2026 15:28:38] "GET /static/rest_framework/js/csrf.js HTTP/1.1" 200 1793
[09/Jul/2026 15:28:38] "GET /static/rest_framework/css/default.css HTTP/1.1" 200 1152
[09/Jul/2026 15:28:38] "GET /static/rest_framework/js/prettify-min.js HTTP/1.1" 200 13632
[09/Jul/2026 15:28:38] "GET /static/rest_framework/js/default.js HTTP/1.1" 200 1268
[09/Jul/2026 15:28:38] "GET /static/rest_framework/js/load-ajax-form.js HTTP/1.1" 200 59
[09/Jul/2026 15:28:38] "GET /static/rest_framework/js/bootstrap.min.js HTTP/1.1" 200 39680
[09/Jul/2026 15:28:38] "GET /static/rest_framework/img/grid.png HTTP/1.1" 200 1458
[09/Jul/2026 15:28:38] "GET /static/rest_framework/js/ajax-form.js HTTP/1.1" 200 3796
[09/Jul/2026 15:28:38] "GET /static/rest_framework/js/jquery-3.7.1.min.js HTTP/1.1" 200 87533
Not Found: /favicon.ico
[09/Jul/2026 15:28:38] "GET /favicon.ico HTTP/1.1" 404 2529
[09/Jul/2026 15:28:51] "GET /api/ HTTP/1.1" 200 6630
Method Not Allowed: /api/applications
[09/Jul/2026 15:28:59] "GET /api/applications HTTP/1.1" 405 13631
[09/Jul/2026 15:29:11] "OPTIONS /api/applications HTTP/1.1" 200 33282
[09/Jul/2026 15:29:20] "OPTIONS /api/applications HTTP/1.1" 200 33282
[09/Jul/2026 15:29:21] "OPTIONS /api/applications HTTP/1.1" 200 33282
[09/Jul/2026 15:29:22] "OPTIONS /api/applications HTTP/1.1" 200 33282
Forbidden: /api/admin/applications
[09/Jul/2026 15:29:38] "GET /api/admin/applications HTTP/1.1" 403 5226
Method Not Allowed: /api/applications
[09/Jul/2026 15:29:45] "GET /api/applications HTTP/1.1" 405 13631
[09/Jul/2026 15:37:22] "GET /api/ HTTP/1.1" 200 6630
[09/Jul/2026 15:38:36] "GET /api/award-programmes HTTP/1.1" 200 5359
Method Not Allowed: /api/awards/interest
[09/Jul/2026 15:38:41] "GET /api/awards/interest HTTP/1.1" 405 8865
[09/Jul/2026 15:52:11] "GET /api/membership-grades HTTP/1.1" 200 1230
[09/Jul/2026 15:52:12] "GET /api/membership-grades HTTP/1.1" 200 1230
[09/Jul/2026 15:53:52] "GET /api/membership-grades HTTP/1.1" 200 1230
[09/Jul/2026 15:53:52] "GET /api/membership-grades HTTP/1.1" 200 1230
[09/Jul/2026 15:54:47] "POST /api/applications HTTP/1.1" 201 2304
D:\kent\IPCTest2\backend\events\models.py changed, reloading.
Watching for file changes with StatReloader
D:\kent\IPCTest2\backend\events\views.py changed, reloading.
Watching for file changes with StatReloader
D:\kent\IPCTest2\backend\ipc_backend\api_urls.py changed, reloading.
Watching for file changes with StatReloader
D:\kent\IPCTest2\backend\ipc_backend\settings.py changed, reloading.
Watching for file changes with StatReloader
D:\kent\IPCTest2\backend\events\admin.py changed, reloading.
Watching for file changes with StatReloader
[09/Jul/2026 16:17:55] "GET /api/membership-grades HTTP/1.1" 200 1230
[09/Jul/2026 16:17:58] "GET /api/membership-grades HTTP/1.1" 200 1230
[09/Jul/2026 16:18:21] "GET /api/membership-grades HTTP/1.1" 200 1230
[09/Jul/2026 16:18:24] "GET /api/membership-grades HTTP/1.1" 200 1230
[09/Jul/2026 16:21:23] "GET /api/events HTTP/1.1" 200 2
[09/Jul/2026 16:21:25] "GET /api/events HTTP/1.1" 200 2
[09/Jul/2026 16:23:05] "GET /api/events HTTP/1.1" 200 2
[09/Jul/2026 16:23:07] "GET /api/events HTTP/1.1" 200 2
Forbidden: /api/events/eventbrite/authorize
[09/Jul/2026 16:26:56] "GET /api/events/eventbrite/authorize HTTP/1.1" 403 5412
[09/Jul/2026 16:27:48] "GET /api/events HTTP/1.1" 200 2
[09/Jul/2026 16:27:49] "GET /api/events HTTP/1.1" 200 2
Forbidden: /api/events/eventbrite/authorize
[09/Jul/2026 16:28:33] "GET /api/events/eventbrite/authorize HTTP/1.1" 403 5412
Forbidden: /api/events/eventbrite/authorize
[09/Jul/2026 16:28:36] "GET /api/events/eventbrite/authorize HTTP/1.1" 403 5412
Forbidden: /api/events/eventbrite/authorize
[09/Jul/2026 16:28:40] "GET /api/events/eventbrite/authorize HTTP/1.1" 403 5412
Forbidden: /api/events/eventbrite/authorize
[09/Jul/2026 16:28:41] "GET /api/events/eventbrite/authorize HTTP/1.1" 403 5412
Forbidden: /api/events/eventbrite/authorize
[09/Jul/2026 16:28:41] "GET /api/events/eventbrite/authorize HTTP/1.1" 403 5412
Forbidden: /api/events/eventbrite/authorize
[09/Jul/2026 16:28:42] "GET /api/events/eventbrite/authorize HTTP/1.1" 403 5412
D:\kent\IPCTest2\backend\events\views.py changed, reloading.
Watching for file changes with StatReloader
[09/Jul/2026 16:30:00] "GET /api/events HTTP/1.1" 200 2
[09/Jul/2026 16:30:00] "GET /api/events HTTP/1.1" 200 2
D:\kent\IPCTest2\backend\events\views.py changed, reloading.
Watching for file changes with StatReloader
D:\kent\IPCTest2\backend\ipc_backend\settings.py changed, reloading.
Watching for file changes with StatReloader
D:\kent\IPCTest2\backend\events\eventbrite.py changed, reloading.
Watching for file changes with StatReloader
[09/Jul/2026 17:32:52] "GET /api/events HTTP/1.1" 200 2
[09/Jul/2026 17:32:53] "GET /api/events HTTP/1.1" 200 2
[09/Jul/2026 18:07:30] "GET /api/membership-grades HTTP/1.1" 200 1230
[09/Jul/2026 18:07:30] "GET /api/membership-grades HTTP/1.1" 200 1230
[09/Jul/2026 18:09:52] "GET /api/membership-grades HTTP/1.1" 200 1230
[09/Jul/2026 18:09:52] "GET /api/membership-grades HTTP/1.1" 200 1230
[09/Jul/2026 18:12:25] "GET /api/membership-grades HTTP/1.1" 200 1230
[09/Jul/2026 18:12:25] "GET /api/membership-grades HTTP/1.1" 200 1230
[10/Jul/2026 14:35:59] "GET /api/membership-grades HTTP/1.1" 200 1230
[10/Jul/2026 14:36:00] "GET /api/membership-grades HTTP/1.1" 200 1230
[10/Jul/2026 14:39:44] "GET /api/membership-grades HTTP/1.1" 200 1230
[10/Jul/2026 14:39:44] "GET /api/membership-grades HTTP/1.1" 200 1230
[10/Jul/2026 14:40:02] "GET /api/membership-grades HTTP/1.1" 200 1230
[10/Jul/2026 14:40:03] "GET /api/membership-grades HTTP/1.1" 200 1230
[10/Jul/2026 14:40:43] "GET /api/events HTTP/1.1" 200 2
[10/Jul/2026 14:40:43] "GET /api/events HTTP/1.1" 200 2
[10/Jul/2026 14:41:16] "GET /api/events HTTP/1.1" 200 2
[10/Jul/2026 14:41:17] "GET /api/events HTTP/1.1" 200 2
[10/Jul/2026 14:45:19] "GET /api/membership-grades HTTP/1.1" 200 1230
[10/Jul/2026 14:45:20] "GET /api/membership-grades HTTP/1.1" 200 1230
[10/Jul/2026 14:47:52] "GET /api/membership-grades HTTP/1.1" 200 1230
[10/Jul/2026 14:47:53] "GET /api/membership-grades HTTP/1.1" 200 1230
[10/Jul/2026 14:48:22] "GET /api/membership-grades HTTP/1.1" 200 1230
[10/Jul/2026 14:48:23] "GET /api/membership-grades HTTP/1.1" 200 1230
[10/Jul/2026 14:48:25] "GET /api/membership-grades HTTP/1.1" 200 1230
[10/Jul/2026 14:48:26] "GET /api/membership-grades HTTP/1.1" 200 1230
[10/Jul/2026 14:55:27] "GET /api/membership-grades HTTP/1.1" 200 1230
[10/Jul/2026 14:55:28] "GET /api/membership-grades HTTP/1.1" 200 1230
[10/Jul/2026 15:01:41] "GET /api/membership-grades HTTP/1.1" 200 1230
[10/Jul/2026 15:01:42] "GET /api/membership-grades HTTP/1.1" 200 1230
[10/Jul/2026 15:04:13] "GET /api/events HTTP/1.1" 200 2
[10/Jul/2026 15:04:13] "GET /api/events HTTP/1.1" 200 2
D:\kent\IPCTest2\backend\applications\serializers.py changed, reloading.
Watching for file changes with StatReloader
Exception in thread django-main-thread:
Traceback (most recent call last):
  File "C:\Python313\Lib\threading.py", line 1043, in _bootstrap_inner
    self.run()
    ~~~~~~~~^^
  File "C:\Python313\Lib\threading.py", line 994, in run
    self._target(*self._args, **self._kwargs)
    ~~~~~~~~~~~~^^^^^^^^^^^^^^^^^^^^^^^^^^^^^
  File "C:\Users\Abdallah Elsaid\AppData\Roaming\Python\Python313\site-packages\django\utils\autoreload.py", line 64, in wrapper
    fn(*args, **kwargs)
    ~~^^^^^^^^^^^^^^^^^
  File "C:\Users\Abdallah Elsaid\AppData\Roaming\Python\Python313\site-packages\django\core\management\commands\runserver.py", line 134, in inner_run
    self.check(**check_kwargs)
    ~~~~~~~~~~^^^^^^^^^^^^^^^^
  File "C:\Users\Abdallah Elsaid\AppData\Roaming\Python\Python313\site-packages\django\core\management\base.py", line 496, in check
    all_issues = checks.run_checks(
        app_configs=app_configs,
    ...<2 lines>...
        databases=databases,
    )
  File "C:\Users\Abdallah Elsaid\AppData\Roaming\Python\Python313\site-packages\django\core\checks\registry.py", line 89, in run_checks
    new_errors = check(app_configs=app_configs, databases=databases)
  File "C:\Users\Abdallah Elsaid\AppData\Roaming\Python\Python313\site-packages\django\core\checks\urls.py", line 136, in check_custom_error_handlers
    handler = resolver.resolve_error_handler(status_code)
  File "C:\Users\Abdallah Elsaid\AppData\Roaming\Python\Python313\site-packages\django\urls\resolvers.py", line 732, in resolve_error_handler
    callback = getattr(self.urlconf_module, "handler%s" % view_type, None)
                       ^^^^^^^^^^^^^^^^^^^
  File "C:\Users\Abdallah Elsaid\AppData\Roaming\Python\Python313\site-packages\django\utils\functional.py", line 47, in __get__
    res = instance.__dict__[self.name] = self.func(instance)
                                         ~~~~~~~~~^^^^^^^^^^
  File "C:\Users\Abdallah Elsaid\AppData\Roaming\Python\Python313\site-packages\django\urls\resolvers.py", line 711, in urlconf_module
    return import_module(self.urlconf_name)
  File "C:\Python313\Lib\importlib\__init__.py", line 88, in import_module
    return _bootstrap._gcd_import(name[level:], package, level)
           ~~~~~~~~~~~~~~~~~~~~~~^^^^^^^^^^^^^^^^^^^^^^^^^^^^^^
  File "<frozen importlib._bootstrap>", line 1387, in _gcd_import
  File "<frozen importlib._bootstrap>", line 1360, in _find_and_load
  File "<frozen importlib._bootstrap>", line 1331, in _find_and_load_unlocked
  File "<frozen importlib._bootstrap>", line 935, in _load_unlocked
  File "<frozen importlib._bootstrap_external>", line 1026, in exec_module
  File "<frozen importlib._bootstrap>", line 488, in _call_with_frames_removed
  File "D:\kent\IPCTest2\backend\ipc_backend\urls.py", line 8, in <module>
    path("api/", include("ipc_backend.api_urls")),
                 ~~~~~~~^^^^^^^^^^^^^^^^^^^^^^^^
  File "C:\Users\Abdallah Elsaid\AppData\Roaming\Python\Python313\site-packages\django\urls\conf.py", line 39, in include
    urlconf_module = import_module(urlconf_module)
  File "C:\Python313\Lib\importlib\__init__.py", line 88, in import_module
    return _bootstrap._gcd_import(name[level:], package, level)
           ~~~~~~~~~~~~~~~~~~~~~~^^^^^^^^^^^^^^^^^^^^^^^^^^^^^^
  File "<frozen importlib._bootstrap>", line 1387, in _gcd_import
  File "<frozen importlib._bootstrap>", line 1360, in _find_and_load
  File "<frozen importlib._bootstrap>", line 1331, in _find_and_load_unlocked
  File "<frozen importlib._bootstrap>", line 935, in _load_unlocked
  File "<frozen importlib._bootstrap_external>", line 1026, in exec_module
  File "<frozen importlib._bootstrap>", line 488, in _call_with_frames_removed
  File "D:\kent\IPCTest2\backend\ipc_backend\api_urls.py", line 3, in <module>
    from applications.views import MembershipApplicationViewSet, AdminMembershipApplicationViewSet
  File "D:\kent\IPCTest2\backend\applications\views.py", line 3, in <module>
    from .serializers import AdminMembershipApplicationSerializer, MembershipApplicationSerializer
  File "D:\kent\IPCTest2\backend\applications\serializers.py", line 1
    from django.utils import timezone`r`nfrom django.core.validators import validate_email`r`nfrom django.core.exceptions import ValidationError as DjangoValidationError
                                     ^
SyntaxError: invalid syntax
D:\kent\IPCTest2\backend\applications\serializers.py changed, reloading.
Watching for file changes with StatReloader
[10/Jul/2026 18:33:06] "GET /api/membership-grades HTTP/1.1" 200 1230
[10/Jul/2026 18:33:07] "GET /api/membership-grades HTTP/1.1" 200 1230
[10/Jul/2026 18:35:00] "POST /api/applications HTTP/1.1" 201 2105
D:\kent\IPCTest2\backend\applications\serializers.py changed, reloading.
Watching for file changes with StatReloader
Exception in thread django-main-thread:
Traceback (most recent call last):
  File "C:\Python313\Lib\threading.py", line 1043, in _bootstrap_inner
    self.run()
    ~~~~~~~~^^
  File "C:\Python313\Lib\threading.py", line 994, in run
    self._target(*self._args, **self._kwargs)
    ~~~~~~~~~~~~^^^^^^^^^^^^^^^^^^^^^^^^^^^^^
  File "C:\Users\Abdallah Elsaid\AppData\Roaming\Python\Python313\site-packages\django\utils\autoreload.py", line 64, in wrapper
    fn(*args, **kwargs)
    ~~^^^^^^^^^^^^^^^^^
  File "C:\Users\Abdallah Elsaid\AppData\Roaming\Python\Python313\site-packages\django\core\management\commands\runserver.py", line 134, in inner_run
    self.check(**check_kwargs)
    ~~~~~~~~~~^^^^^^^^^^^^^^^^
  File "C:\Users\Abdallah Elsaid\AppData\Roaming\Python\Python313\site-packages\django\core\management\base.py", line 496, in check
    all_issues = checks.run_checks(
        app_configs=app_configs,
    ...<2 lines>...
        databases=databases,
    )
  File "C:\Users\Abdallah Elsaid\AppData\Roaming\Python\Python313\site-packages\django\core\checks\registry.py", line 89, in run_checks
    new_errors = check(app_configs=app_configs, databases=databases)
  File "C:\Users\Abdallah Elsaid\AppData\Roaming\Python\Python313\site-packages\django\core\checks\urls.py", line 136, in check_custom_error_handlers
    handler = resolver.resolve_error_handler(status_code)
  File "C:\Users\Abdallah Elsaid\AppData\Roaming\Python\Python313\site-packages\django\urls\resolvers.py", line 732, in resolve_error_handler
    callback = getattr(self.urlconf_module, "handler%s" % view_type, None)
                       ^^^^^^^^^^^^^^^^^^^
  File "C:\Users\Abdallah Elsaid\AppData\Roaming\Python\Python313\site-packages\django\utils\functional.py", line 47, in __get__
    res = instance.__dict__[self.name] = self.func(instance)
                                         ~~~~~~~~~^^^^^^^^^^
  File "C:\Users\Abdallah Elsaid\AppData\Roaming\Python\Python313\site-packages\django\urls\resolvers.py", line 711, in urlconf_module
    return import_module(self.urlconf_name)
  File "C:\Python313\Lib\importlib\__init__.py", line 88, in import_module
    return _bootstrap._gcd_import(name[level:], package, level)
           ~~~~~~~~~~~~~~~~~~~~~~^^^^^^^^^^^^^^^^^^^^^^^^^^^^^^
  File "<frozen importlib._bootstrap>", line 1387, in _gcd_import
  File "<frozen importlib._bootstrap>", line 1360, in _find_and_load
  File "<frozen importlib._bootstrap>", line 1331, in _find_and_load_unlocked
  File "<frozen importlib._bootstrap>", line 935, in _load_unlocked
  File "<frozen importlib._bootstrap_external>", line 1026, in exec_module
  File "<frozen importlib._bootstrap>", line 488, in _call_with_frames_removed
  File "D:\kent\IPCTest2\backend\ipc_backend\urls.py", line 8, in <module>
    path("api/", include("ipc_backend.api_urls")),
                 ~~~~~~~^^^^^^^^^^^^^^^^^^^^^^^^
  File "C:\Users\Abdallah Elsaid\AppData\Roaming\Python\Python313\site-packages\django\urls\conf.py", line 39, in include
    urlconf_module = import_module(urlconf_module)
  File "C:\Python313\Lib\importlib\__init__.py", line 88, in import_module
    return _bootstrap._gcd_import(name[level:], package, level)
           ~~~~~~~~~~~~~~~~~~~~~~^^^^^^^^^^^^^^^^^^^^^^^^^^^^^^
  File "<frozen importlib._bootstrap>", line 1387, in _gcd_import
  File "<frozen importlib._bootstrap>", line 1360, in _find_and_load
  File "<frozen importlib._bootstrap>", line 1331, in _find_and_load_unlocked
  File "<frozen importlib._bootstrap>", line 935, in _load_unlocked
  File "<frozen importlib._bootstrap_external>", line 1026, in exec_module
  File "<frozen importlib._bootstrap>", line 488, in _call_with_frames_removed
  File "D:\kent\IPCTest2\backend\ipc_backend\api_urls.py", line 3, in <module>
    from applications.views import MembershipApplicationViewSet, AdminMembershipApplicationViewSet
  File "D:\kent\IPCTest2\backend\applications\views.py", line 3, in <module>
    from .serializers import AdminMembershipApplicationSerializer, MembershipApplicationSerializer
  File "D:\kent\IPCTest2\backend\applications\serializers.py", line 3
    from django.core.exceptions import ValidationError as DjangoValidationError`r`nimport re
                                                                               ^
SyntaxError: invalid syntax
D:\kent\IPCTest2\backend\applications\serializers.py changed, reloading.
Watching for file changes with StatReloader
Exception in thread django-main-thread:
Traceback (most recent call last):
  File "C:\Python313\Lib\threading.py", line 1043, in _bootstrap_inner
    self.run()
    ~~~~~~~~^^
  File "C:\Python313\Lib\threading.py", line 994, in run
    self._target(*self._args, **self._kwargs)
    ~~~~~~~~~~~~^^^^^^^^^^^^^^^^^^^^^^^^^^^^^
  File "C:\Users\Abdallah Elsaid\AppData\Roaming\Python\Python313\site-packages\django\utils\autoreload.py", line 64, in wrapper
    fn(*args, **kwargs)
    ~~^^^^^^^^^^^^^^^^^
  File "C:\Users\Abdallah Elsaid\AppData\Roaming\Python\Python313\site-packages\django\core\management\commands\runserver.py", line 134, in inner_run
    self.check(**check_kwargs)
    ~~~~~~~~~~^^^^^^^^^^^^^^^^
  File "C:\Users\Abdallah Elsaid\AppData\Roaming\Python\Python313\site-packages\django\core\management\base.py", line 496, in check
    all_issues = checks.run_checks(
        app_configs=app_configs,
    ...<2 lines>...
        databases=databases,
    )
  File "C:\Users\Abdallah Elsaid\AppData\Roaming\Python\Python313\site-packages\django\core\checks\registry.py", line 89, in run_checks
    new_errors = check(app_configs=app_configs, databases=databases)
  File "C:\Users\Abdallah Elsaid\AppData\Roaming\Python\Python313\site-packages\django\core\checks\urls.py", line 136, in check_custom_error_handlers
    handler = resolver.resolve_error_handler(status_code)
  File "C:\Users\Abdallah Elsaid\AppData\Roaming\Python\Python313\site-packages\django\urls\resolvers.py", line 732, in resolve_error_handler
    callback = getattr(self.urlconf_module, "handler%s" % view_type, None)
                       ^^^^^^^^^^^^^^^^^^^
  File "C:\Users\Abdallah Elsaid\AppData\Roaming\Python\Python313\site-packages\django\utils\functional.py", line 47, in __get__
    res = instance.__dict__[self.name] = self.func(instance)
                                         ~~~~~~~~~^^^^^^^^^^
  File "C:\Users\Abdallah Elsaid\AppData\Roaming\Python\Python313\site-packages\django\urls\resolvers.py", line 711, in urlconf_module
    return import_module(self.urlconf_name)
  File "C:\Python313\Lib\importlib\__init__.py", line 88, in import_module
    return _bootstrap._gcd_import(name[level:], package, level)
           ~~~~~~~~~~~~~~~~~~~~~~^^^^^^^^^^^^^^^^^^^^^^^^^^^^^^
  File "<frozen importlib._bootstrap>", line 1387, in _gcd_import
  File "<frozen importlib._bootstrap>", line 1360, in _find_and_load
  File "<frozen importlib._bootstrap>", line 1331, in _find_and_load_unlocked
  File "<frozen importlib._bootstrap>", line 935, in _load_unlocked
  File "<frozen importlib._bootstrap_external>", line 1026, in exec_module
  File "<frozen importlib._bootstrap>", line 488, in _call_with_frames_removed
  File "D:\kent\IPCTest2\backend\ipc_backend\urls.py", line 8, in <module>
    path("api/", include("ipc_backend.api_urls")),
                 ~~~~~~~^^^^^^^^^^^^^^^^^^^^^^^^
  File "C:\Users\Abdallah Elsaid\AppData\Roaming\Python\Python313\site-packages\django\urls\conf.py", line 39, in include
    urlconf_module = import_module(urlconf_module)
  File "C:\Python313\Lib\importlib\__init__.py", line 88, in import_module
    return _bootstrap._gcd_import(name[level:], package, level)
           ~~~~~~~~~~~~~~~~~~~~~~^^^^^^^^^^^^^^^^^^^^^^^^^^^^^^
  File "<frozen importlib._bootstrap>", line 1387, in _gcd_import
  File "<frozen importlib._bootstrap>", line 1360, in _find_and_load
  File "<frozen importlib._bootstrap>", line 1331, in _find_and_load_unlocked
  File "<frozen importlib._bootstrap>", line 935, in _load_unlocked
  File "<frozen importlib._bootstrap_external>", line 1026, in exec_module
  File "<frozen importlib._bootstrap>", line 488, in _call_with_frames_removed
  File "D:\kent\IPCTest2\backend\ipc_backend\api_urls.py", line 3, in <module>
    from applications.views import MembershipApplicationViewSet, AdminMembershipApplicationViewSet
  File "D:\kent\IPCTest2\backend\applications\views.py", line 3, in <module>
    from .serializers import AdminMembershipApplicationSerializer, MembershipApplicationSerializer
  File "D:\kent\IPCTest2\backend\applications\serializers.py", line 109
    elif not re.fullmatch(r"[A-Za-z\ufffd-\ufffd\ufffd-\ufffd\ufffd-\ufffd' -]+", value):
                          ^^^^^^^^^^^^^^^
SyntaxError: (unicode error) 'utf-8' codec can't decode byte 0xc0 in position 7: invalid start byte
D:\kent\IPCTest2\backend\applications\serializers.py changed, reloading.
Watching for file changes with StatReloader
[10/Jul/2026 18:47:29] "GET /api/membership-grades HTTP/1.1" 200 1230
[10/Jul/2026 18:47:30] "GET /api/membership-grades HTTP/1.1" 200 1230
[10/Jul/2026 18:47:54] "GET /api/membership-grades HTTP/1.1" 200 1230
[10/Jul/2026 18:47:55] "GET /api/membership-grades HTTP/1.1" 200 1230
