[15/Jul/2026 16:18:36] "GET /api/auth/me HTTP/1.1" 200 159
[15/Jul/2026 16:18:37] "GET /api/auth/me HTTP/1.1" 200 159
[15/Jul/2026 16:18:38] "GET /api/admin/users HTTP/1.1" 200 1936
[15/Jul/2026 16:18:38] "GET /api/admin/dashboard HTTP/1.1" 200 4622
[15/Jul/2026 16:18:39] "GET /api/admin/dashboard HTTP/1.1" 200 4622
[15/Jul/2026 16:19:33] "GET /api/admin/users HTTP/1.1" 200 1936
[15/Jul/2026 16:19:48] "GET /api/admin/applications/12 HTTP/1.1" 200 3090
[15/Jul/2026 16:20:16] "GET /api/admin/users/3 HTTP/1.1" 200 666
[15/Jul/2026 16:20:17] "GET /api/admin/users/3 HTTP/1.1" 200 666
[15/Jul/2026 16:20:22] "GET /api/admin/users HTTP/1.1" 200 1936
[15/Jul/2026 16:20:54] "GET /api/admin/users/3 HTTP/1.1" 200 666
[15/Jul/2026 16:20:55] "GET /api/admin/users/3 HTTP/1.1" 200 666
[15/Jul/2026 16:21:11] "GET /api/admin/users HTTP/1.1" 200 1936
[15/Jul/2026 16:21:37] "GET /api/admin/applications/12 HTTP/1.1" 200 3090
Unauthorized: /api/admin/users
[15/Jul/2026 16:23:06] "GET /api/admin/users HTTP/1.1" 401 58
[15/Jul/2026 16:23:10] "POST /api/auth/refresh HTTP/1.1" 204 0
[15/Jul/2026 16:23:12] "GET /api/admin/users HTTP/1.1" 200 1936
[15/Jul/2026 16:23:25] "GET /api/admin/users HTTP/1.1" 200 1936
[15/Jul/2026 16:29:04] "GET /api/admin/users HTTP/1.1" 200 1936
[15/Jul/2026 16:29:28] "GET /api/admin/applications/9 HTTP/1.1" 200 1845
[15/Jul/2026 16:29:29] "GET /api/admin/applications/9 HTTP/1.1" 200 1845
[15/Jul/2026 16:32:31] "GET /api/admin/dashboard HTTP/1.1" 200 4622
[15/Jul/2026 16:32:31] "GET /api/admin/dashboard HTTP/1.1" 200 4622
